T_ID slm
T_ID chetori
T_ID khoobam
T_ID u
T_ID chetori
