T_ID lskdf
;
T_ID asdfjasdca
;
T_ID aasdfj
;
T_ID alksdcasda
;
T_ID cajs
;
T_ID lkdjcqa34312kl3
;
T_INTLITERAL 4
T_ID j
;
T_ID zlckvj
T_ID zs4ur34
;
