int
T_ID main
(
)
{
int
T_ID i
;
for
(
T_ID i
=
T_INTLITERAL 0
;
T_ID i
<
T_INTLITERAL 100
;
T_ID i
++
)
{
Print
(
T_ID i
,
T_DOUBLELITERAL 3.14159265359
)
;
}
}
