T_ID zyx
T_ID xyzz
T_ID b
T_ID aa
T_STRINGLITERAL "zyx"
T_STRINGLITERAL "xyzz"
T_STRINGLITERAL "b b"
T_STRINGLITERAL "b"
T_STRINGLITERAL "ab"

