define
T_STRINGLITERAL "sdfakl;sdfja;sdkj drftghyulj"
T_STRINGLITERAL "23456tyuhjklp;[:
T_STRINGLITERAL "y"
T_STRINGLITERAL "xy"
T_ID xaerar
